// Jest Snapshot v1, https://goo.gl/fbAQLP

exports[`<NotFound /> should match the snapshot 1`] = `
<BasicLayout>
  <div
    style={
      Object {
        "alignItems": "center",
        "display": "flex",
        "flexDirection": "column",
        "header": Object {
          "borderBottom": "1px solid #ccc",
          "paddingBottom": "25px",
        },
        "width": "420px",
      }
    }
  >
    <h2
      style={
        Object {
          "borderBottom": "1px solid #ccc",
          "paddingBottom": "25px",
        }
      }
    >
      404 Page - Not Found
    </h2>
    <p>
      The page you requested was not found.
    </p>
  </div>
</BasicLayout>
`;
