// Jest Snapshot v1, https://goo.gl/fbAQLP

exports[`<BasicLayout /> should match the snapshot 1`] = `
<div
  style={
    Object {
      "backgroundColor": "#D1D6D8",
      "backgroundImage": "linear-gradient(to top, #D1D6D8, #fff)",
      "content": Object {
        "background": "rgba(255, 255, 255, 0.5)",
        "border": "1px solid rgba(0, 0, 0, 0.1)",
        "margin": "0 auto auto",
        "position": "relative",
      },
      "copyright": Object {
        "margin": "5px 0",
      },
      "display": "flex",
      "flex": "1",
      "flexDirection": "column",
      "height": "100%",
      "logo": Object {
        "alignSelf": "center",
        "height": "100px",
        "margin": "30px auto 15px",
        "width": "400px",
      },
    }
  }
>
  <img
    alt="logo"
    src="test-file-stub"
    style={
      Object {
        "alignSelf": "center",
        "height": "100px",
        "margin": "30px auto 15px",
        "width": "400px",
      }
    }
  />
  <div
    style={
      Object {
        "background": "rgba(255, 255, 255, 0.5)",
        "border": "1px solid rgba(0, 0, 0, 0.1)",
        "margin": "0 auto auto",
        "position": "relative",
      }
    }
  >
    <div
      id="child"
    >
      Child Content
    </div>
  </div>
  <BasicFooter />
</div>
`;
